
Memory Configuration

Name             Origin             Length             Attributes
flash            0x00000000         0x20000000         xr
SRAM             0x20000000         0x20000000         xrw
*default*        0x00000000         0xffffffff

Linker script and memory map


.text           0x00000000      0x15c
 *(.vectors*)
 .vectors       0x00000000       0x10 startup.o
                0x00000000                g_Pfn_Vectors
 *(.text*)
 .text          0x00000010       0x90 main.o
                0x00000010                main
 .text          0x000000a0       0xbc startup.o
                0x000000a0                NMI_Handler
                0x000000a0                H_Fault_Handler
                0x000000a0                Default_Hundler
                0x000000ac                Reset_Hundler
 *(.rodata)
                0x0000015c                _E_TEXT = .

.glue_7         0x0000015c        0x0
 .glue_7        0x00000000        0x0 linker stubs

.glue_7t        0x0000015c        0x0
 .glue_7t       0x00000000        0x0 linker stubs

.vfp11_veneer   0x0000015c        0x0
 .vfp11_veneer  0x00000000        0x0 linker stubs

.v4_bx          0x0000015c        0x0
 .v4_bx         0x00000000        0x0 linker stubs

.iplt           0x0000015c        0x0
 .iplt          0x00000000        0x0 main.o

.rel.dyn        0x0000015c        0x0
 .rel.iplt      0x00000000        0x0 main.o

.data           0x20000000        0x0 load address 0x0000015c
                0x20000000                _S_DATA = .
 *(.data)
 .data          0x20000000        0x0 main.o
 .data          0x20000000        0x0 startup.o
                0x20000000                . = ALIGN (0x4)
                0x20000000                _E_DATA = .

.igot.plt       0x20000000        0x0 load address 0x0000015c
 .igot.plt      0x00000000        0x0 main.o

.bss            0x20000000      0x400 load address 0x0000015c
                0x20000000                _S_BSS = .
 *(.bss)
 .bss           0x20000000        0x0 main.o
 .bss           0x20000000      0x400 startup.o
                0x20000400                _E_BSS = .
LOAD main.o
LOAD startup.o
OUTPUT(Final.elf elf32-littlearm)

.debug_info     0x00000000      0x277
 .debug_info    0x00000000       0xc5 main.o
 .debug_info    0x000000c5      0x1b2 startup.o

.debug_abbrev   0x00000000      0x152
 .debug_abbrev  0x00000000       0x7d main.o
 .debug_abbrev  0x0000007d       0xd5 startup.o

.debug_loc      0x00000000       0x9c
 .debug_loc     0x00000000       0x38 main.o
 .debug_loc     0x00000038       0x64 startup.o

.debug_aranges  0x00000000       0x40
 .debug_aranges
                0x00000000       0x20 main.o
 .debug_aranges
                0x00000020       0x20 startup.o

.debug_line     0x00000000       0xe6
 .debug_line    0x00000000       0x69 main.o
 .debug_line    0x00000069       0x7d startup.o

.debug_str      0x00000000      0x14e
 .debug_str     0x00000000       0xae main.o
                                 0xcc (size before relaxing)
 .debug_str     0x000000ae       0xa0 startup.o
                                0x159 (size before relaxing)

.comment        0x00000000       0x11
 .comment       0x00000000       0x11 main.o
                                 0x12 (size before relaxing)
 .comment       0x00000000       0x12 startup.o

.ARM.attributes
                0x00000000       0x33
 .ARM.attributes
                0x00000000       0x33 main.o
 .ARM.attributes
                0x00000033       0x33 startup.o

.debug_frame    0x00000000       0x78
 .debug_frame   0x00000000       0x2c main.o
 .debug_frame   0x0000002c       0x4c startup.o
