
Memory Configuration

Name             Origin             Length             Attributes
flash            0x08000000         0x00020000         xr
SRAM             0x20000000         0x00005000         xrw
*default*        0x00000000         0xffffffff

Linker script and memory map


.text           0x08000000       0xf8
 *(.vectors*)
 .vectors       0x08000000       0x50 startup.o
 *(.text*)
 .text          0x08000050       0xa0 main.o
                0x08000050                main
 .text          0x080000f0        0x8 startup.o
 *(.rodata)
                0x080000f8                _E_TEXT = .

.glue_7         0x080000f8        0x0
 .glue_7        0x00000000        0x0 linker stubs

.glue_7t        0x080000f8        0x0
 .glue_7t       0x00000000        0x0 linker stubs

.vfp11_veneer   0x080000f8        0x0
 .vfp11_veneer  0x00000000        0x0 linker stubs

.v4_bx          0x080000f8        0x0
 .v4_bx         0x00000000        0x0 linker stubs

.iplt           0x080000f8        0x0
 .iplt          0x00000000        0x0 main.o

.rel.dyn        0x080000f8        0x0
 .rel.iplt      0x00000000        0x0 main.o

.data           0x20000000        0x4 load address 0x080000f8
                0x20000000                _S_DATA = .
 *(.data)
 .data          0x20000000        0x4 main.o
                0x20000000                R_ODR
 .data          0x20000004        0x0 startup.o
                0x20000004                . = ALIGN (0x4)
                0x20000004                _E_DATA = .

.igot.plt       0x20000004        0x0 load address 0x080000fc
 .igot.plt      0x00000000        0x0 main.o

.bss            0x20000004        0x0 load address 0x080000fc
                0x20000004                _S_bss = .
 *(.bss)
 .bss           0x20000004        0x0 main.o
 .bss           0x20000004        0x0 startup.o
                0x20000004                _E_bss = .
LOAD main.o
LOAD startup.o
OUTPUT(Final.elf elf32-littlearm)

.debug_info     0x00000000      0x190
 .debug_info    0x00000000      0x131 main.o
 .debug_info    0x00000131       0x5f startup.o

.debug_abbrev   0x00000000       0xe9
 .debug_abbrev  0x00000000       0xd5 main.o
 .debug_abbrev  0x000000d5       0x14 startup.o

.debug_loc      0x00000000       0x38
 .debug_loc     0x00000000       0x38 main.o

.debug_aranges  0x00000000       0x40
 .debug_aranges
                0x00000000       0x20 main.o
 .debug_aranges
                0x00000020       0x20 startup.o

.debug_line     0x00000000       0x98
 .debug_line    0x00000000       0x5d main.o
 .debug_line    0x0000005d       0x3b startup.o

.debug_str      0x00000000       0xcf
 .debug_str     0x00000000       0xcf main.o
                                 0xed (size before relaxing)

.comment        0x00000000       0x11
 .comment       0x00000000       0x11 main.o
                                 0x12 (size before relaxing)

.ARM.attributes
                0x00000000       0x31
 .ARM.attributes
                0x00000000       0x33 main.o
 .ARM.attributes
                0x00000033       0x21 startup.o

.debug_frame    0x00000000       0x2c
 .debug_frame   0x00000000       0x2c main.o
