EXTI.c:18:6:EXTI_Init	8	static
EXTI.c:201:6:EXTI_SetSignalLatch	16	static
EXTI.c:274:6:EXTI_DisableInterrupt	24	static
EXTI.c:390:6:EXTI_EnableInterrupt	24	static
EXTI.c:521:6:EXTI_GetFlag	16	static
EXTI.c:532:6:EXTI_ClearFlag	16	static
EXTI.c:544:6:EXTI_SetCallBack	16	static
EXTI.c:552:6:EXTI0_IRQHandler	8	static
EXTI.c:558:6:EXTI1_IRQHandler	8	static
EXTI.c:564:6:EXTI2_IRQHandler	8	static
EXTI.c:570:6:EXTI3_IRQHandler	8	static
EXTI.c:576:6:EXTI4_IRQHandler	8	static
EXTI.c:582:6:EXTI9_5_IRQHandler	8	static
EXTI.c:595:6:EXTI15_10_IRQHandler	8	static
